nouvelle session
ajoute candidat Adam
ajoute candidat Béatrice
ajoute formation Université Côte d'Azur (1 places)
ajoute formation Université de Toulon (2 places)
ajoute voeu de Adam pour Université Côte d'Azur
ajoute voeu de Adam pour Université de Toulon
ajoute voeu de Béatrice pour Université Côte d'Azur (rang=1)
ajoute voeu de Béatrice pour Université de Toulon (rang=2)
commission de classement de Université Côte d'Azur : [Adam; Béatrice]
commission de classement de Université de Toulon : [Adam; Béatrice]
réunit commissions
nouveau jour
Voeux en attente de Adam : {}
Propositions en attente de Adam : {Université Côte d'Azur, Université de Toulon}
Voeux en attente de Béatrice : {Université Côte d'Azur(0)}
Propositions en attente de Béatrice : {Université de Toulon}
Adam renonce à Université Côte d'Azur
Voeux en attente de Adam : {}
Propositions en attente de Adam : {Université de Toulon}
Voeux en attente de Béatrice : {Université Côte d'Azur(0)}
Propositions en attente de Béatrice : {Université de Toulon}
nouveau jour
Voeux en attente de Adam : {}
Propositions en attente de Adam : {Université de Toulon}
Voeux en attente de Béatrice : {}
Propositions en attente de Béatrice : {Université Côte d'Azur}
