nouvelle session
ajoute candidat Rami
ajoute candidat Maxime
ajoute candidat Ghouti
ajoute formation Université Côte d'Azur (2 places)
ajoute voeu de Maxime pour Université Côte d'Azur (rang=1)
ajoute voeu de Ghouti pour Université Côte d'Azur (rang=2)
ajoute voeu de Rami pour Université Côte d'Azur (rang=1)
commission de classement de Université Côte d'Azur : [Ghouti; Maxime; Rami]
réunit commissions
nouveau jour
Voeux en attente de Maxime : {}
Propositions en attente de Maxime : {Université Côte d'Azur}
Voeux en attente de Ghouti : {}
Propositions en attente de Ghouti : {Université Côte d'Azur}
Voeux en attente de Rami : {Université Côte d'Azur(0)}
Propositions en attente de Rami : {}
Ghouti renonce à Université Côte d'Azur
nouveau jour
Voeux en attente de Maxime : {}
Propositions en attente de Maxime : {Université Côte d'Azur}
Voeux en attente de Ghouti : {}
Propositions en attente de Ghouti : {}
Voeux en attente de Rami : {}
Propositions en attente de Rami : {Université Côte d'Azur}
